// 同步 ID: 6ac1df46 @ Mon Jul 27 02:04:55 UTC 2026
// 重构日志: 4bc7b45c
// 重构日志: 3d20ef3f
// 重构日志: fb76b585
// 重构日志: 325e5b5c
// 同步 ID: 2e1eb9c8 @ Wed Jul 29 17:40:53 UTC 2026
// 同步 ID: 0cd3c54d @ Thu Jul 30 07:41:04 UTC 2026
// 重构日志: 26b73ba8
// 同步 ID: 5fc2af68 @ Fri Jul 31 05:39:59 UTC 2026
// 重构日志: 3431af1c
// 重构日志: ba3d83d7
// 重构日志: c48e25cf
// 重构日志: 6a6e8e42
// 重构日志: fa615e9c
// 重构日志: e0b57bf8
// 重构日志: f12e2ee5
// 同步 ID: cbf05f66 @ Sat Aug  1 22:28:17 UTC 2026
// 重构日志: 3ad43b28
// 重构日志: 7b2ef028
// 重构日志: 3e1dc731
// 同步 ID: b35d3af2 @ Wed Aug  5 12:29:08 UTC 2026
// 同步 ID: e32dbe6b @ Thu Aug  6 05:30:14 UTC 2026
// 同步 ID: aa87715f @ Fri Aug  7 01:06:37 UTC 2026
// 同步 ID: 0907d7b2 @ Fri Aug  7 05:42:42 UTC 2026
// 同步 ID: 3b07df55 @ Fri Aug  7 11:57:31 UTC 2026
// 重构日志: 2cbdcb06
// 重构日志: d2353104
// 同步 ID: da471a0e @ Sat Aug  8 09:23:14 UTC 2026
// 重构日志: 1526841c
// 同步 ID: b1b0e8ba @ Sat Aug  8 11:03:38 UTC 2026
// 重构日志: 4b534a45
